GarminSummary<filename=test.fit, begin_datetime=2014-01-12 16:00:05, sport=running, total_calories=351, total_distance=5081.34, total_duration=1451.55, total_hr_dur=220635.6, total_hr_dis=1451.55, number_of_items=1, md5sum=b543c34cc80daf234b389e7d2ccbcbad>
GarminSummary<filename=test.gmn, begin_datetime=2011-05-07 15:43:08, sport=biking, total_calories=61, total_distance=1696.85999, total_duration=280.38, total_hr_dur=0.0, total_hr_dis=0.0, number_of_items=1, md5sum=af6f79ef18f4ec5526d3f987b6f00f9b>
GarminSummary<filename=test.tcx, begin_datetime=2012-11-05 11:52:21, sport=biking, total_calories=285, total_distance=5981.9423828, total_duration=1037.53, total_hr_dur=0.0, total_hr_dis=0.0, number_of_items=1, md5sum=eaa1e1a2bc26b1145a046c39f31b4024>
GarminSummary<filename=test.txt, begin_datetime=2013-01-16 13:30:00, sport=elliptical, total_calories=900, total_distance=0.0, total_duration=3000.0, total_hr_dur=369000.0, total_hr_dis=3000.0, number_of_items=1, md5sum=59c4284f5b3a25015698d8c51ee7fd52>
